[backblue.gif]
[fade.gif]
[index.html]
[storage.googleapis.com/themevessel-products/logdy/main/assets/img/favicon.ico]
[storage.googleapis.com/themevessel-products/logdy/main/assets/img/logos/logo-2.png]
[storage.googleapis.com/themevessel-products/logdy/main/assets/js/jquery-2.2.0.min.js]
[storage.googleapis.com/themevessel-products/logdy/main/assets/js/popper.min.js]
[storage.googleapis.com/themevessel-products/logdy/main/assets/js/bootstrap.min.js]
[storage.googleapis.com/themevessel-products/logdy/main/login-3.html]
[fonts.googleapis.com/css65e6.css]
[storage.googleapis.com/themevessel-products/logdy/main/forgot-password-3.html]
[storage.googleapis.com/themevessel-products/logdy/main/register-3.html]
[storage.googleapis.com/themevessel-products/logdy/main/assets/img/logos/logo-2.png]
[www.googletagmanager.com/gtm5445.html]
[storage.googleapis.com/themevessel-products/logdy/main/assets/js/jquery-2.2.0.min.js]
[storage.googleapis.com/themevessel-products/logdy/main/assets/js/popper.min.js]
[storage.googleapis.com/themevessel-products/logdy/main/assets/css/bootstrap.min.css]
[storage.googleapis.com/themevessel-products/logdy/main/assets/img/favicon.ico]
[storage.googleapis.com/themevessel-products/logdy/main/assets/js/bootstrap.min.js]
[storage.googleapis.com/themevessel-products/logdy/main/assets/fonts/font-awesome/fonts/fontawesome-webfont3e6e.eot]
[storage.googleapis.com/themevessel-products/logdy/main/assets/fonts/font-awesome/fonts/fontawesome-webfontd41d.eot]
[storage.googleapis.com/themevessel-products/logdy/main/assets/fonts/font-awesome/fonts/fontawesome-webfont3e6e.woff2]
[storage.googleapis.com/themevessel-products/logdy/main/assets/fonts/font-awesome/fonts/fontawesome-webfont3e6e.woff]
[storage.googleapis.com/themevessel-products/logdy/main/assets/fonts/font-awesome/fonts/fontawesome-webfont3e6e.ttf]
[storage.googleapis.com/themevessel-products/logdy/main/assets/fonts/font-awesome/css/font-awesome.min.css]
[storage.googleapis.com/themevessel-products/logdy/main/assets/fonts/flaticon/font/Flaticon.eot]
[storage.googleapis.com/themevessel-products/logdy/main/assets/fonts/flaticon/font/Flaticond41d.eot]
[storage.googleapis.com/themevessel-products/logdy/main/assets/fonts/flaticon/font/Flaticon.woff2]
[storage.googleapis.com/themevessel-products/logdy/main/assets/fonts/flaticon/font/Flaticon.woff]
[storage.googleapis.com/themevessel-products/logdy/main/assets/fonts/flaticon/font/Flaticon.ttf]
[storage.googleapis.com/themevessel-products/logdy/main/assets/fonts/flaticon/font/flaticon.css]
[storage.googleapis.com/themevessel-products/logdy/main/assets/img/bg-image.jpg]
[storage.googleapis.com/themevessel-products/logdy/main/assets/img/bg-image-6.jpg]
[storage.googleapis.com/themevessel-products/logdy/main/assets/img/bg-image-4.jpg]
[storage.googleapis.com/themevessel-products/logdy/main/assets/img/bg-image-2.jpg]
[storage.googleapis.com/themevessel-products/logdy/main/assets/css/style.css]
[storage.googleapis.com/themevessel-products/logdy/main/assets/css/skins/default.css]
[storage.googleapis.com/themevessel-products/logdy/main/assets/img/bg-image-5.jpg]
[storage.googleapis.com/themevessel-products/logdy/main/forgot-password-3.html]
[storage.googleapis.com/themevessel-products/logdy/main/assets/fonts/font-awesome/fonts/fontawesome-webfont3e6e.svg]
[storage.googleapis.com/themevessel-products/logdy/main/assets/fonts/flaticon/font/Flaticon.svg]
